[piwcdc.org/index.html]
[backblue.gif]
[fade.gif]
[index.html]
[piwcdc.org/images/LOGO.jpg]
[piwcdc.org/assets/img/apple-touch-icon.html]
[piwcdc.org/assets/vendor/bootstrap/css/bootstrap.min.css]
[piwcdc.org/assets/vendor/icofont/icofont.min.css]
[piwcdc.org/assets/vendor/boxicons/css/boxicons.min.css]
[piwcdc.org/assets/vendor/animate.css/animate.min.css]
[piwcdc.org/assets/vendor/owl.carousel/assets/owl.carousel.min.css]
[piwcdc.org/assets/vendor/venobox/venobox.css]
[piwcdc.org/assets/css/style.css]
[piwcdc.org/font/demo-files/demo.css]
[piwcdc.org/plugins/fancybox/jquery.fancybox.css]
[piwcdc.org/plugins/revolution/css/settings.css]
[piwcdc.org/plugins/revolution/css/layers.css]
[piwcdc.org/plugins/revolution/css/navigation.css]
[piwcdc.org/css/bootstrap-grid.min.css]
[piwcdc.org/css/fontello.css]
[piwcdc.org/css/owl.carousel.css]
[piwcdc.org/css/style.css]
[piwcdc.org/css/responsive.css]
[piwcdc.org/general_style.css]
[piwcdc.org/images/gbgbg.jpg]
[piwcdc.org/index-2.html]
[piwcdc.org/images/logo.jpg]
[piwcdc.org/about.html]
[piwcdc.org/Men's Ministry.html]
[piwcdc.org/Women's Ministry.html]
[piwcdc.org/Evangelism Ministry.html]
[piwcdc.org/Youth Ministry.html]
[piwcdc.org/teens ministry.html]
[piwcdc.org/Children's Ministry.html]
[piwcdc.org/Events.html]
[piwcdc.org/Contact Us.html]
[piwcdc.org/images/slide 1/church 1.jpg]
[piwcdc.org/images/slide 1/church.jpg]
[piwcdc.org/images/slide 1/church 2.jpg]
[piwcdc.org/images/mv.jpg]
[piwcdc.org/images/new.jpg]
[piwcdc.org/new.html]
[piwcdc.org/images/daily devotion.jpg]
[piwcdc.org/event 1.html]
[piwcdc.org/images/events/2.jpg]
[piwcdc.org/event 2.html]
[piwcdc.org/images/events/1.jpg]
[piwcdc.org/event 3.html]
[piwcdc.org/images/events/3.jpg]
[piwcdc.org/images/Leaders/pastor.png]
[piwcdc.org/images/Leaders/eld mayeden.jpg]
[piwcdc.org/images/Leaders/eld nsia.jpg]
[piwcdc.org/images/Leaders/kwesi.jpg]
[piwcdc.org/caci-kg bs forum.html]
[piwcdc.org/images/business.jpg]
[piwcdc.org/piwc dc bs forum.html]
[piwcdc.org/images/slide 2/1.jpg]
[piwcdc.org/images/slide 2/2.jpg]
[piwcdc.org/images/slide 2/3.jpg]
[piwcdc.org/images/slide 2/okiseku.jpg]
[piwcdc.org/images/slide 2/praise 1.jpg]
[piwcdc.org/images/slide 2/praise 2.jpg]
[piwcdc.org/images/slide 2/youth 1.jpg]
[piwcdc.org/images/Marraige school.jpg]
[piwcdc.org/images/vic.jpg]
[piwcdc.org/images/acc.jpg]
[piwcdc.org/cdn-cgi/l/email-protection.html]
[piwcdc.org/images/social media/facebook.jpg]
[piwcdc.org/images/social media/download.png]
[piwcdc.org/images/social media/images (1).jpg]
[piwcdc.org/images/social media/images.jpg]
[piwcdc.org/review.html]
[piwcdc.org/Tenents of COP.html]
[piwcdc.org/images/location.jpg]
[piwcdc.org/cdn-cgi/scripts/5c5dd728/cloudflare-static/email-decode.min.js]
[piwcdc.org/js/libs/jquery.modernizr.js]
[piwcdc.org/js/libs/jquery-2.2.4.min.js]
[piwcdc.org/js/libs/jquery-ui.min.js]
[piwcdc.org/js/libs/retina.min.js]
[piwcdc.org/plugins/jquery.localScroll.min.js]
[piwcdc.org/plugins/jquery.scrollTo.min.js]
[piwcdc.org/plugins/jquery.countdown.min.js]
[piwcdc.org/plugins/fancybox/jquery.fancybox.js]
[piwcdc.org/plugins/mad.customselect.js]
[piwcdc.org/plugins/instafeed.min.js]
[piwcdc.org/plugins/revolution/js/jquery.themepunch.tools.min55975597.js]
[piwcdc.org/plugins/revolution/js/jquery.themepunch.revolution.min55975597.js]
[piwcdc.org/plugins/jquery.queryloader2.min.js]
[piwcdc.org/plugins/owl.carousel.min.js]
[piwcdc.org/js/plugins.js]
[piwcdc.org/js/script.js]
[piwcdc.org/plugins/revolution/js/extensions/revolution.extension.slideanims.min.js]
[piwcdc.org/plugins/revolution/js/extensions/revolution.extension.layeranimation.min.js]
[piwcdc.org/index.html]
[piwcdc.org/images/LOGO.html]
[piwcdc.org/assets/img/apple-touch-icon.html]
[piwcdc.org/assets/vendor/bootstrap/css/bootstrap.min.html]
[piwcdc.org/assets/vendor/icofont/icofont.min.html]
[piwcdc.org/assets/vendor/boxicons/css/boxicons.min.html]
[piwcdc.org/assets/vendor/animate.css/animate.min.html]
[piwcdc.org/assets/vendor/owl.carousel/assets/owl.carousel.min.html]
[piwcdc.org/assets/vendor/venobox/venobox.html]
[piwcdc.org/assets/css/style.html]
[piwcdc.org/plugins/revolution/js/extensions/revolution.extension.navigation.min.js]
[piwcdc.org/font/Linearicons.ttf]
[piwcdc.org/font/demo-files/demo.css]
[piwcdc.org/plugins/fancybox/jquery.fancybox.css]
[piwcdc.org/plugins/revolution/fonts/revicons/revicons90c690c6.eot]
[piwcdc.org/plugins/revolution/fonts/revicons/revicons90c690c6.woff]
[piwcdc.org/plugins/revolution/fonts/revicons/revicons90c690c6.ttf]
[piwcdc.org/plugins/revolution/fonts/revicons/revicons90c690c6.svg]
[piwcdc.org/plugins/revolution/css/openhand.html]
[piwcdc.org/plugins/revolution/css/closedhand.html]
[piwcdc.org/plugins/revolution/assets/gridtile.png]
[piwcdc.org/plugins/revolution/assets/gridtile_white.png]
[piwcdc.org/plugins/revolution/assets/gridtile_3x3.png]
[piwcdc.org/plugins/revolution/assets/gridtile_3x3_white.png]
[piwcdc.org/plugins/revolution/assets/coloredbg.png]
[piwcdc.org/plugins/revolution/assets/loader.gif]
[piwcdc.org/plugins/revolution/css/settings.css]
[piwcdc.org/plugins/revolution/css/layers.css]
[piwcdc.org/plugins/revolution/css/navigation.css]
[piwcdc.org/css/bootstrap-grid.min.css]
[piwcdc.org/font/fontello8dc88dc8.eot]
[piwcdc.org/font/fontello8dc88dc8.woff2]
[piwcdc.org/font/fontello8dc88dc8.woff]
[piwcdc.org/font/fontello8dc88dc8.ttf]
[piwcdc.org/css/fontello.css]
[piwcdc.org/font/fontello8dc88dc8.svg]
[piwcdc.org/css/owl.video.play.html]
[piwcdc.org/css/owl.carousel.css]
[piwcdc.org/images/15x16_icon2.png]
[piwcdc.org/images/15x16_icon1.png]
[piwcdc.org/images/15x16_icon3.png]
[piwcdc.org/images/15x16_icon4.png]
[piwcdc.org/images/15x16_icon5.png]
[piwcdc.org/images/15x16_icon6.png]
[piwcdc.org/images/icon_zoomin.png]
[piwcdc.org/css/style.css]
[piwcdc.org/css/responsive.css]
[piwcdc.org/images/fdd.jpg]
[piwcdc.org/images/watsapp.jpg]
[piwcdc.org/images/ministries/Men/ptt.jpg]
[piwcdc.org/images/ministries/Women/FB_IMG_16968443424631006.jpg]
[piwcdc.org/images/ministries/Evangelism/FB_IMG_16960874056484574.jpg]
[piwcdc.org/images/ministries/Youth/FB_IMG_16960880536968995.jpg]
[piwcdc.org/images/ministries/Teens/FB_IMG_16960873470812145.jpg]
[piwcdc.org/images/ministries/Children/FB_IMG_16960875370763135.jpg]
[piwcdc.org/images/tree.jpg]
[piwcdc.org/images/fgdgfd.jpg]
[piwcdc.org/general_style.css]
[piwcdc.org/index-2.html]
[piwcdc.org/about.html]
[piwcdc.org/images/ministries/Men/FB_IMG_17119595119545577.jpg]
[piwcdc.org/images/ministries/Men/effah.jpg]
[piwcdc.org/images/ministries/Men/baffour.jpg]
[piwcdc.org/images/ministries/Men/1.jpg]
[piwcdc.org/images/ministries/Men/2.jpg]
[piwcdc.org/images/ministries/Men/3.jpg]
[piwcdc.org/images/ministries/Men/4.jpg]
[piwcdc.org/images/ministries/Men/5.jpg]
[piwcdc.org/images/ministries/Men/6.jpg]
[piwcdc.org/images/ministries/Men/7.jpg]
[piwcdc.org/images/ministries/Men/8.jpg]
[piwcdc.org/images/ministries/Men/9.jpg]
[piwcdc.org/images/ministries/Men/10.jpg]
[piwcdc.org/images/ministries/Men/11.jpg]
[piwcdc.org/images/ministries/Men/12.jpg]
[piwcdc.org/images/ministries/Men/FB_IMG_17119592027189168.jpg]
[piwcdc.org/images/ministries/Men/FB_IMG_17119591612955987.jpg]
[piwcdc.org/images/ministries/Men/FB_IMG_17119591486102990.jpg]
[piwcdc.org/images/ministries/Men/FB_IMG_17119591262510608.jpg]
[piwcdc.org/Men's Ministry.html]
[piwcdc.org/images/ministries/Women/FB_IMG_17119592529765272.jpg]
[piwcdc.org/images/ministries/Women/dcns shirley.jpg]
[piwcdc.org/images/ministries/Women/Dcns Yaa.jpg]
[piwcdc.org/images/ministries/Women/1.jpg]
[piwcdc.org/images/ministries/Women/2.jpg]
[piwcdc.org/images/ministries/Women/3.jpg]
[piwcdc.org/images/ministries/Women/4.jpg]
[piwcdc.org/images/ministries/Women/5.jpg]
[piwcdc.org/images/ministries/Women/6.jpg]
[piwcdc.org/images/ministries/Women/7.jpg]
[piwcdc.org/images/ministries/Women/8.jpg]
[piwcdc.org/images/ministries/Women/9.jpg]
[piwcdc.org/images/ministries/Women/10.jpg]
[piwcdc.org/images/ministries/Women/11.jpg]
[piwcdc.org/images/ministries/Women/12.jpg]
[piwcdc.org/images/ministries/Women/FB_IMG_17119592827964248.jpg]
[piwcdc.org/images/ministries/Women/FB_IMG_17119593002570737.jpg]
[piwcdc.org/images/ministries/Women/FB_IMG_17119593051048567.jpg]
[piwcdc.org/images/ministries/Women/FB_IMG_17119594114265787.jpg]
[piwcdc.org/Women's Ministry.html]
[piwcdc.org/images/ministries/Evangelism/FB_IMG_17119599257083305.jpg]
[piwcdc.org/images/ministries/Evangelism/pobee.jpg]
[piwcdc.org/images/ministries/Evangelism/ogbey.jpg]
[piwcdc.org/images/ministries/Evangelism/1.jpg]
[piwcdc.org/images/ministries/Evangelism/2.jpg]
[piwcdc.org/images/ministries/Evangelism/3.jpg]
[piwcdc.org/images/ministries/Evangelism/4.jpg]
[piwcdc.org/images/ministries/Evangelism/5.jpg]
[piwcdc.org/images/ministries/Evangelism/6.jpg]
[piwcdc.org/images/ministries/Evangelism/7.jpg]
[piwcdc.org/images/ministries/Evangelism/8.jpg]
[piwcdc.org/images/ministries/Evangelism/9.jpg]
[piwcdc.org/images/ministries/Evangelism/10.jpg]
[piwcdc.org/images/ministries/Evangelism/11.jpg]
[piwcdc.org/images/ministries/Evangelism/12.jpg]
[piwcdc.org/images/ministries/Evangelism/FB_IMG_17119596921771236.jpg]
[piwcdc.org/images/ministries/Evangelism/FB_IMG_17119599088457738.jpg]
[piwcdc.org/images/ministries/Evangelism/FB_IMG_17119599187649858.jpg]
[piwcdc.org/images/ministries/Evangelism/e5.png]
[piwcdc.org/Evangelism Ministry.html]
[piwcdc.org/images/ministries/Youth/Derick.jpg]
[piwcdc.org/images/ministries/Youth/Ransford.jpg]
[piwcdc.org/images/ministries/Youth/Derek.jpg]
[piwcdc.org/images/ministries/Youth/1.jpg]
[piwcdc.org/images/ministries/Youth/2.jpg]
[piwcdc.org/images/ministries/Youth/3.jpg]
[piwcdc.org/images/ministries/Youth/4.jpg]
[piwcdc.org/images/ministries/Youth/5.jpg]
[piwcdc.org/images/ministries/Youth/6.jpg]
[piwcdc.org/images/ministries/Youth/7.jpg]
[piwcdc.org/images/ministries/Youth/8.jpg]
[piwcdc.org/images/ministries/Youth/9.jpg]
[piwcdc.org/images/ministries/Youth/10.jpg]
[piwcdc.org/images/ministries/Youth/11.jpg]
[piwcdc.org/images/ministries/Youth/12.jpg]
[piwcdc.org/images/ministries/Youth/youth 2.jpg]
[piwcdc.org/images/ministries/Youth/FB_IMG_17119603706537524.jpg]
[piwcdc.org/images/ministries/Youth/FB_IMG_17119603751905698.jpg]
[piwcdc.org/images/ministries/Youth/FB_IMG_17119603311086967.jpg]
[piwcdc.org/Youth Ministry.html]
[piwcdc.org/images/ministries/Teens/FB_IMG_17119599287821637.jpg]
[piwcdc.org/images/ministries/Teens/1.jpg]
[piwcdc.org/images/ministries/Teens/2.jpg]
[piwcdc.org/images/ministries/Teens/3.jpg]
[piwcdc.org/images/ministries/Teens/4.jpg]
[piwcdc.org/images/ministries/Teens/5.jpg]
[piwcdc.org/images/ministries/Teens/6.jpg]
[piwcdc.org/images/ministries/Teens/7.jpg]
[piwcdc.org/images/ministries/Teens/8.jpg]
[piwcdc.org/images/ministries/Teens/9.jpg]
[piwcdc.org/images/ministries/Teens/10.jpg]
[piwcdc.org/images/ministries/Teens/11.jpg]
[piwcdc.org/images/ministries/Teens/12.jpg]
[piwcdc.org/images/ministries/Teens/FB_IMG_17119601805529431.jpg]
[piwcdc.org/images/ministries/Teens/FB_IMG_17119604566989907.jpg]
[piwcdc.org/images/ministries/Teens/FB_IMG_17119604402915624.jpg]
[piwcdc.org/teens ministry.html]
[piwcdc.org/images/ministries/Children/kids.jpg]
[piwcdc.org/images/ministries/Children/1.jpg]
[piwcdc.org/images/ministries/Children/2.jpg]
[piwcdc.org/images/ministries/Children/3.jpg]
[piwcdc.org/images/ministries/Children/4.jpg]
[piwcdc.org/images/ministries/Children/5.jpg]
[piwcdc.org/images/ministries/Children/6.jpg]
[piwcdc.org/images/ministries/Children/7.jpg]
[piwcdc.org/images/ministries/Children/8.jpg]
[piwcdc.org/images/ministries/Children/9.jpg]
[piwcdc.org/images/ministries/Children/10.jpg]
[piwcdc.org/images/ministries/Children/11.jpg]
[piwcdc.org/images/ministries/Children/12.jpg]
[piwcdc.org/images/ministries/Children/44.jpg]
[piwcdc.org/images/ministries/Children/children 3.jpg]
[piwcdc.org/images/ministries/Children/children.jpg]
[piwcdc.org/images/ministries/Children/FB_IMG_17119600980385047.jpg]
[piwcdc.org/Children's Ministry.html]
[piwcdc.org/images/events/nov4.jpg]
[piwcdc.org/events/jan_7.html]
[piwcdc.org/events/jan_8.html]
[piwcdc.org/images/events/nov7.jpg]
[piwcdc.org/events/jan_gos.html]
[piwcdc.org/images/events/novsowconf.jpg]
[piwcdc.org/images/events/january20/jan_gos.jpg]
[piwcdc.org/images/190x130_img1.html]
[piwcdc.org/event2chris.html]
[piwcdc.org/Events.html]
[piwcdc.org/Contact Us.html]
[piwcdc.org/new.html]
[piwcdc.org/event 1.html]
[piwcdc.org/event 2.html]
[piwcdc.org/event 3.html]
[piwcdc.org/caci-kg bs forum.html]
[piwcdc.org/images/profile.jpg]
[piwcdc.org/piwc dc bs forum.html]
[piwcdc.org/cdn-cgi/l/email-protection.html]
[piwcdc.org/review.html]
[piwcdc.org/Tenents of COP.html]
[piwcdc.org/plugins/revolution/fonts/revicons/revicons90c690c6.svg]
[piwcdc.org/plugins/revolution/css/openhand.html]
[piwcdc.org/plugins/revolution/css/closedhand.html]
[piwcdc.org/font/fontello8dc88dc8.svg]
[piwcdc.org/css/owl.video.play.html]
[piwcdc.org/images/15x16_icon2.html]
[piwcdc.org/images/15x16_icon1.html]
[piwcdc.org/images/15x16_icon3.html]
[piwcdc.org/images/15x16_icon4.html]
[piwcdc.org/images/15x16_icon5.html]
[piwcdc.org/images/15x16_icon6.html]
[piwcdc.org/images/icon_zoomin.html]
[piwcdc.org/images/fdd.html]
[piwcdc.org/images/ministries/Men/ptt.html]
[piwcdc.org/images/ministries/Women/FB_IMG_16968443424631006.html]
[piwcdc.org/images/ministries/Evangelism/FB_IMG_16960874056484574.html]
[piwcdc.org/images/ministries/Youth/FB_IMG_16960880536968995.html]
[piwcdc.org/images/ministries/Teens/FB_IMG_16960873470812145.html]
[piwcdc.org/images/ministries/Children/FB_IMG_16960875370763135.html]
[piwcdc.org/images/tree.html]
[piwcdc.org/images/events/nov4.html]
[piwcdc.org/events/jan_7.html]
[piwcdc.org/events/jan_8.html]
[piwcdc.org/images/events/nov7.html]
[piwcdc.org/events/jan_gos.html]
[piwcdc.org/images/events/novsowconf.html]
[piwcdc.org/images/events/january20/jan_gos.html]
[piwcdc.org/images/190x130_img1.html]
[piwcdc.org/event2chris.html]
